
== VENTA - Guadalajara ==
  VENTA guadalajara pag 1: 18 (acum 18)
  VENTA guadalajara pag 2: 18 (acum 36)

== VENTA - Zapopan ==
  VENTA zapopan pag 1: 18 (acum 18)
  VENTA zapopan pag 2: 18 (acum 36)

== VENTA - Tlaquepaque ==
  VENTA tlaquepaque pag 1: 18 (acum 18)
  VENTA tlaquepaque pag 2: 18 (acum 36)

== VENTA - Tonalá ==
  VENTA tonala pag 1: 18 (acum 18)
  VENTA tonala pag 2: 18 (acum 36)

== VENTA - Tlajomulco de Zúñiga ==
  VENTA tlajomulco-de-zuniga pag 1: 18 (acum 18)
  VENTA tlajomulco-de-zuniga pag 2: 18 (acum 36)

== RENTA - Guadalajara ==
  RENTA guadalajara pag 1: 18 (acum 18)
  RENTA guadalajara pag 2: 18 (acum 36)

== RENTA - Zapopan ==
  RENTA zapopan pag 1: 18 (acum 18)
  RENTA zapopan pag 2: 18 (acum 36)

== RENTA - Tlaquepaque ==
  RENTA tlaquepaque pag 1: 18 (acum 18)
  RENTA tlaquepaque pag 2: 18 (acum 36)

== RENTA - Tonalá ==
  RENTA tonala pag 1: 18 (acum 18)
  RENTA tonala pag 2: 18 (acum 36)

== RENTA - Tlajomulco de Zúñiga ==
  RENTA tlajomulco-de-zuniga pag 1: 18 (acum 18)
  RENTA tlajomulco-de-zuniga pag 2: 18 (acum 36)

# Inventario acierta.pro - corrida 2026-10-04

- Fichas publicadas: **353**
- Por segmento: {'comercial': 249, 'vivienda': 104}
- Por segmento y operacion: {'comercial/RENTA': 166, 'vivienda/RENTA': 13, 'comercial/VENTA': 83, 'vivienda/VENTA': 91}
- Por municipio: {'Guadalajara': 71, 'Tlajomulco de Zúñiga': 72, 'Tlaquepaque': 72, 'Tonalá': 72, 'Zapopan': 66}
- Segmento por: {'tipo comercial': 237, 'por decidir -> vivienda': 96, 'palabra clave en el titulo': 12, 'tipo de vivienda': 8}

## Contra la corrida anterior (mismos 4 municipios)
- Nuevas: 23 | Bajas: 6,867 | Cambios de precio: 21
- Fichas de otros municipios retiradas del sitio: 0

## Calidad
- Precios BLOQUEADOS (no publicados, verificar con el originador): 7
- Precios con AVISO (publicados, conviene revisar): 4
- Fotos rescatadas desde la pagina de detalle: 0
- Fichas sin foto: 0 (descartadas del sitio: 0)
- Fuera de zona descartadas: 0 | Duplicadas: 0
- Prueba de foto grande: 11/12 fotos >= 900px de ancho (929x529, 1200x817, 770x507, 1200x878, 900x1200, 1200x900, 1200x900, 960x802, 1200x899, 923x503, 1200x819, 1200x900)

Reportes: reportes/inventario/anomalias_precio.csv y reportes/inventario/sin_foto.csv
